// Jest Snapshot v1, https://goo.gl/fbAQLP

exports[`Button component should allow button shape normal 1`] = `
<button
  class="Button__StyledButton-sc-1lc4zd6-0 yDOGG"
  data-testid="madie-button"
  type="button"
>
  Hello World
</button>
`;

exports[`Button component should allow button shape round 1`] = `
<button
  class="Button__StyledButton-sc-1lc4zd6-0 jBUMUf"
  data-testid="madie-button"
  type="button"
>
  Hello World
</button>
`;

exports[`Button component should allow button variant primary 1`] = `
<button
  class="Button__StyledButton-sc-1lc4zd6-0 yDOGG"
  data-testid="madie-button"
  type="button"
>
  Hello World
</button>
`;

exports[`Button component should allow button variant secondary 1`] = `
<button
  class="Button__StyledButton-sc-1lc4zd6-0 ftJxzX"
  data-testid="madie-button"
  type="button"
>
  Hello World
</button>
`;

exports[`Button component should allow button variant white 1`] = `
<button
  class="Button__StyledButton-sc-1lc4zd6-0 flHNtY"
  data-testid="madie-button"
  type="button"
>
  Hello World
</button>
`;

exports[`Button component should allow leading button size lg 1`] = `
<button
  class="Button__StyledButton-sc-1lc4zd6-0 lAWux"
  data-testid="madie-button"
  type="button"
>
  <svg
    aria-hidden="true"
    class="ButtonIcon__Icon5x5-sc-1x8zj24-1 ButtonIcon__LeadingLarge-sc-1x8zj24-5 byjtpt iBXRyZ"
    fill="currentColor"
    viewBox="0 0 20 20"
    xmlns="http://www.w3.org/2000/svg"
  >
    <path
      clip-rule="evenodd"
      d="M6 3a1 1 0 011-1h.01a1 1 0 010 2H7a1 1 0 01-1-1zm2 3a1 1 0 00-2 0v1a2 2 0 00-2 2v1a2 2 0 00-2 2v.683a3.7 3.7 0 011.055.485 1.704 1.704 0 001.89 0 3.704 3.704 0 014.11 0 1.704 1.704 0 001.89 0 3.704 3.704 0 014.11 0 1.704 1.704 0 001.89 0A3.7 3.7 0 0118 12.683V12a2 2 0 00-2-2V9a2 2 0 00-2-2V6a1 1 0 10-2 0v1h-1V6a1 1 0 10-2 0v1H8V6zm10 8.868a3.704 3.704 0 01-4.055-.036 1.704 1.704 0 00-1.89 0 3.704 3.704 0 01-4.11 0 1.704 1.704 0 00-1.89 0A3.704 3.704 0 012 14.868V17a1 1 0 001 1h14a1 1 0 001-1v-2.132zM9 3a1 1 0 011-1h.01a1 1 0 110 2H10a1 1 0 01-1-1zm3 0a1 1 0 011-1h.01a1 1 0 110 2H13a1 1 0 01-1-1z"
      fill-rule="evenodd"
    />
  </svg>
  Hello World
</button>
`;

exports[`Button component should allow leading button size md 1`] = `
<button
  class="Button__StyledButton-sc-1lc4zd6-0 yDOGG"
  data-testid="madie-button"
  type="button"
>
  <svg
    aria-hidden="true"
    class="ButtonIcon__Icon5x5-sc-1x8zj24-1 ButtonIcon__LeadingMedium-sc-1x8zj24-4 byjtpt jZrrzr"
    fill="currentColor"
    viewBox="0 0 20 20"
    xmlns="http://www.w3.org/2000/svg"
  >
    <path
      clip-rule="evenodd"
      d="M6 3a1 1 0 011-1h.01a1 1 0 010 2H7a1 1 0 01-1-1zm2 3a1 1 0 00-2 0v1a2 2 0 00-2 2v1a2 2 0 00-2 2v.683a3.7 3.7 0 011.055.485 1.704 1.704 0 001.89 0 3.704 3.704 0 014.11 0 1.704 1.704 0 001.89 0 3.704 3.704 0 014.11 0 1.704 1.704 0 001.89 0A3.7 3.7 0 0118 12.683V12a2 2 0 00-2-2V9a2 2 0 00-2-2V6a1 1 0 10-2 0v1h-1V6a1 1 0 10-2 0v1H8V6zm10 8.868a3.704 3.704 0 01-4.055-.036 1.704 1.704 0 00-1.89 0 3.704 3.704 0 01-4.11 0 1.704 1.704 0 00-1.89 0A3.704 3.704 0 012 14.868V17a1 1 0 001 1h14a1 1 0 001-1v-2.132zM9 3a1 1 0 011-1h.01a1 1 0 110 2H10a1 1 0 01-1-1zm3 0a1 1 0 011-1h.01a1 1 0 110 2H13a1 1 0 01-1-1z"
      fill-rule="evenodd"
    />
  </svg>
  Hello World
</button>
`;

exports[`Button component should allow leading button size sm 1`] = `
<button
  class="Button__StyledButton-sc-1lc4zd6-0 hQlzfv"
  data-testid="madie-button"
  type="button"
>
  <svg
    aria-hidden="true"
    class="ButtonIcon__Icon4x4-sc-1x8zj24-0 ButtonIcon__LeadingSmall-sc-1x8zj24-3 kuARTA ejlgXn"
    fill="currentColor"
    viewBox="0 0 20 20"
    xmlns="http://www.w3.org/2000/svg"
  >
    <path
      clip-rule="evenodd"
      d="M6 3a1 1 0 011-1h.01a1 1 0 010 2H7a1 1 0 01-1-1zm2 3a1 1 0 00-2 0v1a2 2 0 00-2 2v1a2 2 0 00-2 2v.683a3.7 3.7 0 011.055.485 1.704 1.704 0 001.89 0 3.704 3.704 0 014.11 0 1.704 1.704 0 001.89 0 3.704 3.704 0 014.11 0 1.704 1.704 0 001.89 0A3.7 3.7 0 0118 12.683V12a2 2 0 00-2-2V9a2 2 0 00-2-2V6a1 1 0 10-2 0v1h-1V6a1 1 0 10-2 0v1H8V6zm10 8.868a3.704 3.704 0 01-4.055-.036 1.704 1.704 0 00-1.89 0 3.704 3.704 0 01-4.11 0 1.704 1.704 0 00-1.89 0A3.704 3.704 0 012 14.868V17a1 1 0 001 1h14a1 1 0 001-1v-2.132zM9 3a1 1 0 011-1h.01a1 1 0 110 2H10a1 1 0 01-1-1zm3 0a1 1 0 011-1h.01a1 1 0 110 2H13a1 1 0 01-1-1z"
      fill-rule="evenodd"
    />
  </svg>
  Hello World
</button>
`;

exports[`Button component should allow leading button size xl 1`] = `
<button
  class="Button__StyledButton-sc-1lc4zd6-0 bNOBWx"
  data-testid="madie-button"
  type="button"
>
  <svg
    aria-hidden="true"
    class="ButtonIcon__Icon5x5-sc-1x8zj24-1 ButtonIcon__LeadingLarge-sc-1x8zj24-5 byjtpt iBXRyZ"
    fill="currentColor"
    viewBox="0 0 20 20"
    xmlns="http://www.w3.org/2000/svg"
  >
    <path
      clip-rule="evenodd"
      d="M6 3a1 1 0 011-1h.01a1 1 0 010 2H7a1 1 0 01-1-1zm2 3a1 1 0 00-2 0v1a2 2 0 00-2 2v1a2 2 0 00-2 2v.683a3.7 3.7 0 011.055.485 1.704 1.704 0 001.89 0 3.704 3.704 0 014.11 0 1.704 1.704 0 001.89 0 3.704 3.704 0 014.11 0 1.704 1.704 0 001.89 0A3.7 3.7 0 0118 12.683V12a2 2 0 00-2-2V9a2 2 0 00-2-2V6a1 1 0 10-2 0v1h-1V6a1 1 0 10-2 0v1H8V6zm10 8.868a3.704 3.704 0 01-4.055-.036 1.704 1.704 0 00-1.89 0 3.704 3.704 0 01-4.11 0 1.704 1.704 0 00-1.89 0A3.704 3.704 0 012 14.868V17a1 1 0 001 1h14a1 1 0 001-1v-2.132zM9 3a1 1 0 011-1h.01a1 1 0 110 2H10a1 1 0 01-1-1zm3 0a1 1 0 011-1h.01a1 1 0 110 2H13a1 1 0 01-1-1z"
      fill-rule="evenodd"
    />
  </svg>
  Hello World
</button>
`;

exports[`Button component should allow leading button size xs 1`] = `
<button
  class="Button__StyledButton-sc-1lc4zd6-0 bEefPd"
  data-testid="madie-button"
  type="button"
>
  <svg
    aria-hidden="true"
    class="ButtonIcon__Icon4x4-sc-1x8zj24-0 ButtonIcon__LeadingSmall-sc-1x8zj24-3 kuARTA ejlgXn"
    fill="currentColor"
    viewBox="0 0 20 20"
    xmlns="http://www.w3.org/2000/svg"
  >
    <path
      clip-rule="evenodd"
      d="M6 3a1 1 0 011-1h.01a1 1 0 010 2H7a1 1 0 01-1-1zm2 3a1 1 0 00-2 0v1a2 2 0 00-2 2v1a2 2 0 00-2 2v.683a3.7 3.7 0 011.055.485 1.704 1.704 0 001.89 0 3.704 3.704 0 014.11 0 1.704 1.704 0 001.89 0 3.704 3.704 0 014.11 0 1.704 1.704 0 001.89 0A3.7 3.7 0 0118 12.683V12a2 2 0 00-2-2V9a2 2 0 00-2-2V6a1 1 0 10-2 0v1h-1V6a1 1 0 10-2 0v1H8V6zm10 8.868a3.704 3.704 0 01-4.055-.036 1.704 1.704 0 00-1.89 0 3.704 3.704 0 01-4.11 0 1.704 1.704 0 00-1.89 0A3.704 3.704 0 012 14.868V17a1 1 0 001 1h14a1 1 0 001-1v-2.132zM9 3a1 1 0 011-1h.01a1 1 0 110 2H10a1 1 0 01-1-1zm3 0a1 1 0 011-1h.01a1 1 0 110 2H13a1 1 0 01-1-1z"
      fill-rule="evenodd"
    />
  </svg>
  Hello World
</button>
`;

exports[`Button component should allow trailing button size lg 1`] = `
<button
  class="Button__StyledButton-sc-1lc4zd6-0 lAWux"
  data-testid="madie-button"
  type="button"
>
  <svg
    aria-hidden="true"
    class="ButtonIcon__Icon5x5-sc-1x8zj24-1 ButtonIcon__TrailingLarge-sc-1x8zj24-8 byjtpt eVhZBu Button__TrailingIcon-sc-1lc4zd6-1 fiOPlW"
    fill="currentColor"
    viewBox="0 0 20 20"
    xmlns="http://www.w3.org/2000/svg"
  >
    <path
      clip-rule="evenodd"
      d="M6 3a1 1 0 011-1h.01a1 1 0 010 2H7a1 1 0 01-1-1zm2 3a1 1 0 00-2 0v1a2 2 0 00-2 2v1a2 2 0 00-2 2v.683a3.7 3.7 0 011.055.485 1.704 1.704 0 001.89 0 3.704 3.704 0 014.11 0 1.704 1.704 0 001.89 0 3.704 3.704 0 014.11 0 1.704 1.704 0 001.89 0A3.7 3.7 0 0118 12.683V12a2 2 0 00-2-2V9a2 2 0 00-2-2V6a1 1 0 10-2 0v1h-1V6a1 1 0 10-2 0v1H8V6zm10 8.868a3.704 3.704 0 01-4.055-.036 1.704 1.704 0 00-1.89 0 3.704 3.704 0 01-4.11 0 1.704 1.704 0 00-1.89 0A3.704 3.704 0 012 14.868V17a1 1 0 001 1h14a1 1 0 001-1v-2.132zM9 3a1 1 0 011-1h.01a1 1 0 110 2H10a1 1 0 01-1-1zm3 0a1 1 0 011-1h.01a1 1 0 110 2H13a1 1 0 01-1-1z"
      fill-rule="evenodd"
    />
  </svg>
  Hello World
</button>
`;

exports[`Button component should allow trailing button size lg 2`] = `
<button
  class="Button__StyledButton-sc-1lc4zd6-0 bxbZZS"
  data-testid="madie-button"
  type="button"
>
  <svg
    aria-hidden="true"
    class="ButtonIcon__Icon6x6-sc-1x8zj24-2 hpmACC"
    fill="currentColor"
    viewBox="0 0 20 20"
    xmlns="http://www.w3.org/2000/svg"
  >
    <path
      clip-rule="evenodd"
      d="M6 3a1 1 0 011-1h.01a1 1 0 010 2H7a1 1 0 01-1-1zm2 3a1 1 0 00-2 0v1a2 2 0 00-2 2v1a2 2 0 00-2 2v.683a3.7 3.7 0 011.055.485 1.704 1.704 0 001.89 0 3.704 3.704 0 014.11 0 1.704 1.704 0 001.89 0 3.704 3.704 0 014.11 0 1.704 1.704 0 001.89 0A3.7 3.7 0 0118 12.683V12a2 2 0 00-2-2V9a2 2 0 00-2-2V6a1 1 0 10-2 0v1h-1V6a1 1 0 10-2 0v1H8V6zm10 8.868a3.704 3.704 0 01-4.055-.036 1.704 1.704 0 00-1.89 0 3.704 3.704 0 01-4.11 0 1.704 1.704 0 00-1.89 0A3.704 3.704 0 012 14.868V17a1 1 0 001 1h14a1 1 0 001-1v-2.132zM9 3a1 1 0 011-1h.01a1 1 0 110 2H10a1 1 0 01-1-1zm3 0a1 1 0 011-1h.01a1 1 0 110 2H13a1 1 0 01-1-1z"
      fill-rule="evenodd"
    />
  </svg>
</button>
`;

exports[`Button component should allow trailing button size md 1`] = `
<button
  class="Button__StyledButton-sc-1lc4zd6-0 yDOGG"
  data-testid="madie-button"
  type="button"
>
  <svg
    aria-hidden="true"
    class="ButtonIcon__Icon5x5-sc-1x8zj24-1 ButtonIcon__TrailingMedium-sc-1x8zj24-7 byjtpt bsbLEq Button__TrailingIcon-sc-1lc4zd6-1 fiOPlW"
    fill="currentColor"
    viewBox="0 0 20 20"
    xmlns="http://www.w3.org/2000/svg"
  >
    <path
      clip-rule="evenodd"
      d="M6 3a1 1 0 011-1h.01a1 1 0 010 2H7a1 1 0 01-1-1zm2 3a1 1 0 00-2 0v1a2 2 0 00-2 2v1a2 2 0 00-2 2v.683a3.7 3.7 0 011.055.485 1.704 1.704 0 001.89 0 3.704 3.704 0 014.11 0 1.704 1.704 0 001.89 0 3.704 3.704 0 014.11 0 1.704 1.704 0 001.89 0A3.7 3.7 0 0118 12.683V12a2 2 0 00-2-2V9a2 2 0 00-2-2V6a1 1 0 10-2 0v1h-1V6a1 1 0 10-2 0v1H8V6zm10 8.868a3.704 3.704 0 01-4.055-.036 1.704 1.704 0 00-1.89 0 3.704 3.704 0 01-4.11 0 1.704 1.704 0 00-1.89 0A3.704 3.704 0 012 14.868V17a1 1 0 001 1h14a1 1 0 001-1v-2.132zM9 3a1 1 0 011-1h.01a1 1 0 110 2H10a1 1 0 01-1-1zm3 0a1 1 0 011-1h.01a1 1 0 110 2H13a1 1 0 01-1-1z"
      fill-rule="evenodd"
    />
  </svg>
  Hello World
</button>
`;

exports[`Button component should allow trailing button size md 2`] = `
<button
  class="Button__StyledButton-sc-1lc4zd6-0 bxbZZS"
  data-testid="madie-button"
  type="button"
>
  <svg
    aria-hidden="true"
    class="ButtonIcon__Icon6x6-sc-1x8zj24-2 hpmACC"
    fill="currentColor"
    viewBox="0 0 20 20"
    xmlns="http://www.w3.org/2000/svg"
  >
    <path
      clip-rule="evenodd"
      d="M6 3a1 1 0 011-1h.01a1 1 0 010 2H7a1 1 0 01-1-1zm2 3a1 1 0 00-2 0v1a2 2 0 00-2 2v1a2 2 0 00-2 2v.683a3.7 3.7 0 011.055.485 1.704 1.704 0 001.89 0 3.704 3.704 0 014.11 0 1.704 1.704 0 001.89 0 3.704 3.704 0 014.11 0 1.704 1.704 0 001.89 0A3.7 3.7 0 0118 12.683V12a2 2 0 00-2-2V9a2 2 0 00-2-2V6a1 1 0 10-2 0v1h-1V6a1 1 0 10-2 0v1H8V6zm10 8.868a3.704 3.704 0 01-4.055-.036 1.704 1.704 0 00-1.89 0 3.704 3.704 0 01-4.11 0 1.704 1.704 0 00-1.89 0A3.704 3.704 0 012 14.868V17a1 1 0 001 1h14a1 1 0 001-1v-2.132zM9 3a1 1 0 011-1h.01a1 1 0 110 2H10a1 1 0 01-1-1zm3 0a1 1 0 011-1h.01a1 1 0 110 2H13a1 1 0 01-1-1z"
      fill-rule="evenodd"
    />
  </svg>
</button>
`;

exports[`Button component should allow trailing button size sm 1`] = `
<button
  class="Button__StyledButton-sc-1lc4zd6-0 hQlzfv"
  data-testid="madie-button"
  type="button"
>
  <svg
    aria-hidden="true"
    class="ButtonIcon__Icon4x4-sc-1x8zj24-0 ButtonIcon__TrailingSmall-sc-1x8zj24-6 kuARTA iOpMzw Button__TrailingIcon-sc-1lc4zd6-1 fiOPlW"
    fill="currentColor"
    viewBox="0 0 20 20"
    xmlns="http://www.w3.org/2000/svg"
  >
    <path
      clip-rule="evenodd"
      d="M6 3a1 1 0 011-1h.01a1 1 0 010 2H7a1 1 0 01-1-1zm2 3a1 1 0 00-2 0v1a2 2 0 00-2 2v1a2 2 0 00-2 2v.683a3.7 3.7 0 011.055.485 1.704 1.704 0 001.89 0 3.704 3.704 0 014.11 0 1.704 1.704 0 001.89 0 3.704 3.704 0 014.11 0 1.704 1.704 0 001.89 0A3.7 3.7 0 0118 12.683V12a2 2 0 00-2-2V9a2 2 0 00-2-2V6a1 1 0 10-2 0v1h-1V6a1 1 0 10-2 0v1H8V6zm10 8.868a3.704 3.704 0 01-4.055-.036 1.704 1.704 0 00-1.89 0 3.704 3.704 0 01-4.11 0 1.704 1.704 0 00-1.89 0A3.704 3.704 0 012 14.868V17a1 1 0 001 1h14a1 1 0 001-1v-2.132zM9 3a1 1 0 011-1h.01a1 1 0 110 2H10a1 1 0 01-1-1zm3 0a1 1 0 011-1h.01a1 1 0 110 2H13a1 1 0 01-1-1z"
      fill-rule="evenodd"
    />
  </svg>
  Hello World
</button>
`;

exports[`Button component should allow trailing button size sm 2`] = `
<button
  class="Button__StyledButton-sc-1lc4zd6-0 lhXiRG"
  data-testid="madie-button"
  type="button"
>
  <svg
    aria-hidden="true"
    class="ButtonIcon__Icon5x5-sc-1x8zj24-1 byjtpt"
    fill="currentColor"
    viewBox="0 0 20 20"
    xmlns="http://www.w3.org/2000/svg"
  >
    <path
      clip-rule="evenodd"
      d="M6 3a1 1 0 011-1h.01a1 1 0 010 2H7a1 1 0 01-1-1zm2 3a1 1 0 00-2 0v1a2 2 0 00-2 2v1a2 2 0 00-2 2v.683a3.7 3.7 0 011.055.485 1.704 1.704 0 001.89 0 3.704 3.704 0 014.11 0 1.704 1.704 0 001.89 0 3.704 3.704 0 014.11 0 1.704 1.704 0 001.89 0A3.7 3.7 0 0118 12.683V12a2 2 0 00-2-2V9a2 2 0 00-2-2V6a1 1 0 10-2 0v1h-1V6a1 1 0 10-2 0v1H8V6zm10 8.868a3.704 3.704 0 01-4.055-.036 1.704 1.704 0 00-1.89 0 3.704 3.704 0 01-4.11 0 1.704 1.704 0 00-1.89 0A3.704 3.704 0 012 14.868V17a1 1 0 001 1h14a1 1 0 001-1v-2.132zM9 3a1 1 0 011-1h.01a1 1 0 110 2H10a1 1 0 01-1-1zm3 0a1 1 0 011-1h.01a1 1 0 110 2H13a1 1 0 01-1-1z"
      fill-rule="evenodd"
    />
  </svg>
</button>
`;

exports[`Button component should allow trailing button size xl 1`] = `
<button
  class="Button__StyledButton-sc-1lc4zd6-0 bNOBWx"
  data-testid="madie-button"
  type="button"
>
  <svg
    aria-hidden="true"
    class="ButtonIcon__Icon5x5-sc-1x8zj24-1 ButtonIcon__TrailingLarge-sc-1x8zj24-8 byjtpt eVhZBu Button__TrailingIcon-sc-1lc4zd6-1 fiOPlW"
    fill="currentColor"
    viewBox="0 0 20 20"
    xmlns="http://www.w3.org/2000/svg"
  >
    <path
      clip-rule="evenodd"
      d="M6 3a1 1 0 011-1h.01a1 1 0 010 2H7a1 1 0 01-1-1zm2 3a1 1 0 00-2 0v1a2 2 0 00-2 2v1a2 2 0 00-2 2v.683a3.7 3.7 0 011.055.485 1.704 1.704 0 001.89 0 3.704 3.704 0 014.11 0 1.704 1.704 0 001.89 0 3.704 3.704 0 014.11 0 1.704 1.704 0 001.89 0A3.7 3.7 0 0118 12.683V12a2 2 0 00-2-2V9a2 2 0 00-2-2V6a1 1 0 10-2 0v1h-1V6a1 1 0 10-2 0v1H8V6zm10 8.868a3.704 3.704 0 01-4.055-.036 1.704 1.704 0 00-1.89 0 3.704 3.704 0 01-4.11 0 1.704 1.704 0 00-1.89 0A3.704 3.704 0 012 14.868V17a1 1 0 001 1h14a1 1 0 001-1v-2.132zM9 3a1 1 0 011-1h.01a1 1 0 110 2H10a1 1 0 01-1-1zm3 0a1 1 0 011-1h.01a1 1 0 110 2H13a1 1 0 01-1-1z"
      fill-rule="evenodd"
    />
  </svg>
  Hello World
</button>
`;

exports[`Button component should allow trailing button size xl 2`] = `
<button
  class="Button__StyledButton-sc-1lc4zd6-0 czXwgx"
  data-testid="madie-button"
  type="button"
>
  <svg
    aria-hidden="true"
    class="ButtonIcon__Icon6x6-sc-1x8zj24-2 hpmACC"
    fill="currentColor"
    viewBox="0 0 20 20"
    xmlns="http://www.w3.org/2000/svg"
  >
    <path
      clip-rule="evenodd"
      d="M6 3a1 1 0 011-1h.01a1 1 0 010 2H7a1 1 0 01-1-1zm2 3a1 1 0 00-2 0v1a2 2 0 00-2 2v1a2 2 0 00-2 2v.683a3.7 3.7 0 011.055.485 1.704 1.704 0 001.89 0 3.704 3.704 0 014.11 0 1.704 1.704 0 001.89 0 3.704 3.704 0 014.11 0 1.704 1.704 0 001.89 0A3.7 3.7 0 0118 12.683V12a2 2 0 00-2-2V9a2 2 0 00-2-2V6a1 1 0 10-2 0v1h-1V6a1 1 0 10-2 0v1H8V6zm10 8.868a3.704 3.704 0 01-4.055-.036 1.704 1.704 0 00-1.89 0 3.704 3.704 0 01-4.11 0 1.704 1.704 0 00-1.89 0A3.704 3.704 0 012 14.868V17a1 1 0 001 1h14a1 1 0 001-1v-2.132zM9 3a1 1 0 011-1h.01a1 1 0 110 2H10a1 1 0 01-1-1zm3 0a1 1 0 011-1h.01a1 1 0 110 2H13a1 1 0 01-1-1z"
      fill-rule="evenodd"
    />
  </svg>
</button>
`;

exports[`Button component should allow trailing button size xs 1`] = `
<button
  class="Button__StyledButton-sc-1lc4zd6-0 bEefPd"
  data-testid="madie-button"
  type="button"
>
  <svg
    aria-hidden="true"
    class="ButtonIcon__Icon4x4-sc-1x8zj24-0 ButtonIcon__TrailingSmall-sc-1x8zj24-6 kuARTA iOpMzw Button__TrailingIcon-sc-1lc4zd6-1 fiOPlW"
    fill="currentColor"
    viewBox="0 0 20 20"
    xmlns="http://www.w3.org/2000/svg"
  >
    <path
      clip-rule="evenodd"
      d="M6 3a1 1 0 011-1h.01a1 1 0 010 2H7a1 1 0 01-1-1zm2 3a1 1 0 00-2 0v1a2 2 0 00-2 2v1a2 2 0 00-2 2v.683a3.7 3.7 0 011.055.485 1.704 1.704 0 001.89 0 3.704 3.704 0 014.11 0 1.704 1.704 0 001.89 0 3.704 3.704 0 014.11 0 1.704 1.704 0 001.89 0A3.7 3.7 0 0118 12.683V12a2 2 0 00-2-2V9a2 2 0 00-2-2V6a1 1 0 10-2 0v1h-1V6a1 1 0 10-2 0v1H8V6zm10 8.868a3.704 3.704 0 01-4.055-.036 1.704 1.704 0 00-1.89 0 3.704 3.704 0 01-4.11 0 1.704 1.704 0 00-1.89 0A3.704 3.704 0 012 14.868V17a1 1 0 001 1h14a1 1 0 001-1v-2.132zM9 3a1 1 0 011-1h.01a1 1 0 110 2H10a1 1 0 01-1-1zm3 0a1 1 0 011-1h.01a1 1 0 110 2H13a1 1 0 01-1-1z"
      fill-rule="evenodd"
    />
  </svg>
  Hello World
</button>
`;

exports[`Button component should allow trailing button size xs 2`] = `
<button
  class="Button__StyledButton-sc-1lc4zd6-0 gJARsY"
  data-testid="madie-button"
  type="button"
>
  <svg
    aria-hidden="true"
    class="ButtonIcon__Icon5x5-sc-1x8zj24-1 byjtpt"
    fill="currentColor"
    viewBox="0 0 20 20"
    xmlns="http://www.w3.org/2000/svg"
  >
    <path
      clip-rule="evenodd"
      d="M6 3a1 1 0 011-1h.01a1 1 0 010 2H7a1 1 0 01-1-1zm2 3a1 1 0 00-2 0v1a2 2 0 00-2 2v1a2 2 0 00-2 2v.683a3.7 3.7 0 011.055.485 1.704 1.704 0 001.89 0 3.704 3.704 0 014.11 0 1.704 1.704 0 001.89 0 3.704 3.704 0 014.11 0 1.704 1.704 0 001.89 0A3.7 3.7 0 0118 12.683V12a2 2 0 00-2-2V9a2 2 0 00-2-2V6a1 1 0 10-2 0v1h-1V6a1 1 0 10-2 0v1H8V6zm10 8.868a3.704 3.704 0 01-4.055-.036 1.704 1.704 0 00-1.89 0 3.704 3.704 0 01-4.11 0 1.704 1.704 0 00-1.89 0A3.704 3.704 0 012 14.868V17a1 1 0 001 1h14a1 1 0 001-1v-2.132zM9 3a1 1 0 011-1h.01a1 1 0 110 2H10a1 1 0 01-1-1zm3 0a1 1 0 011-1h.01a1 1 0 110 2H13a1 1 0 01-1-1z"
      fill-rule="evenodd"
    />
  </svg>
</button>
`;

exports[`Button component should ignore text on a circular button 1`] = `
<button
  class="Button__StyledButton-sc-1lc4zd6-0 bxbZZS"
  data-testid="madie-button"
  type="button"
/>
`;

exports[`Button component should render a button with no icons and no text 1`] = `
<button
  class="Button__StyledButton-sc-1lc4zd6-0 yDOGG"
  data-testid="madie-button"
  type="button"
/>
`;

exports[`Button component should render a button with text and a leading icon 1`] = `
<button
  class="Button__StyledButton-sc-1lc4zd6-0 yDOGG"
  data-testid="madie-button"
  type="button"
>
  <svg
    aria-hidden="true"
    class="ButtonIcon__Icon5x5-sc-1x8zj24-1 ButtonIcon__LeadingMedium-sc-1x8zj24-4 byjtpt jZrrzr"
    fill="currentColor"
    viewBox="0 0 20 20"
    xmlns="http://www.w3.org/2000/svg"
  >
    <path
      clip-rule="evenodd"
      d="M6 3a1 1 0 011-1h.01a1 1 0 010 2H7a1 1 0 01-1-1zm2 3a1 1 0 00-2 0v1a2 2 0 00-2 2v1a2 2 0 00-2 2v.683a3.7 3.7 0 011.055.485 1.704 1.704 0 001.89 0 3.704 3.704 0 014.11 0 1.704 1.704 0 001.89 0 3.704 3.704 0 014.11 0 1.704 1.704 0 001.89 0A3.7 3.7 0 0118 12.683V12a2 2 0 00-2-2V9a2 2 0 00-2-2V6a1 1 0 10-2 0v1h-1V6a1 1 0 10-2 0v1H8V6zm10 8.868a3.704 3.704 0 01-4.055-.036 1.704 1.704 0 00-1.89 0 3.704 3.704 0 01-4.11 0 1.704 1.704 0 00-1.89 0A3.704 3.704 0 012 14.868V17a1 1 0 001 1h14a1 1 0 001-1v-2.132zM9 3a1 1 0 011-1h.01a1 1 0 110 2H10a1 1 0 01-1-1zm3 0a1 1 0 011-1h.01a1 1 0 110 2H13a1 1 0 01-1-1z"
      fill-rule="evenodd"
    />
  </svg>
  Hello World
</button>
`;

exports[`Button component should render a button with text and a trailing icon 1`] = `
<button
  class="Button__StyledButton-sc-1lc4zd6-0 yDOGG"
  data-testid="madie-button"
  type="button"
>
  <svg
    aria-hidden="true"
    class="ButtonIcon__Icon5x5-sc-1x8zj24-1 ButtonIcon__TrailingMedium-sc-1x8zj24-7 byjtpt bsbLEq Button__TrailingIcon-sc-1lc4zd6-1 fiOPlW"
    fill="currentColor"
    viewBox="0 0 20 20"
    xmlns="http://www.w3.org/2000/svg"
  >
    <path
      clip-rule="evenodd"
      d="M6 3a1 1 0 011-1h.01a1 1 0 010 2H7a1 1 0 01-1-1zm2 3a1 1 0 00-2 0v1a2 2 0 00-2 2v1a2 2 0 00-2 2v.683a3.7 3.7 0 011.055.485 1.704 1.704 0 001.89 0 3.704 3.704 0 014.11 0 1.704 1.704 0 001.89 0 3.704 3.704 0 014.11 0 1.704 1.704 0 001.89 0A3.7 3.7 0 0118 12.683V12a2 2 0 00-2-2V9a2 2 0 00-2-2V6a1 1 0 10-2 0v1h-1V6a1 1 0 10-2 0v1H8V6zm10 8.868a3.704 3.704 0 01-4.055-.036 1.704 1.704 0 00-1.89 0 3.704 3.704 0 01-4.11 0 1.704 1.704 0 00-1.89 0A3.704 3.704 0 012 14.868V17a1 1 0 001 1h14a1 1 0 001-1v-2.132zM9 3a1 1 0 011-1h.01a1 1 0 110 2H10a1 1 0 01-1-1zm3 0a1 1 0 011-1h.01a1 1 0 110 2H13a1 1 0 01-1-1z"
      fill-rule="evenodd"
    />
  </svg>
  Hello World
</button>
`;

exports[`Button component should render a button with text but no icon 1`] = `
<button
  class="Button__StyledButton-sc-1lc4zd6-0 yDOGG"
  data-testid="madie-button"
  type="button"
>
  Hello World
</button>
`;

exports[`Button component should render a disabled button 1`] = `
<button
  class="Button__StyledButton-sc-1lc4zd6-0 fzudCQ"
  data-testid="madie-button"
  disabled=""
  type="button"
>
  Hello World
</button>
`;

exports[`Button component should render a lg button with an icon and no text 1`] = `
<button
  class="Button__StyledButton-sc-1lc4zd6-0 lAWux"
  data-testid="madie-button"
  type="button"
>
  <svg
    aria-hidden="true"
    class="ButtonIcon__Icon5x5-sc-1x8zj24-1 byjtpt"
    fill="currentColor"
    viewBox="0 0 20 20"
    xmlns="http://www.w3.org/2000/svg"
  >
    <path
      clip-rule="evenodd"
      d="M6 3a1 1 0 011-1h.01a1 1 0 010 2H7a1 1 0 01-1-1zm2 3a1 1 0 00-2 0v1a2 2 0 00-2 2v1a2 2 0 00-2 2v.683a3.7 3.7 0 011.055.485 1.704 1.704 0 001.89 0 3.704 3.704 0 014.11 0 1.704 1.704 0 001.89 0 3.704 3.704 0 014.11 0 1.704 1.704 0 001.89 0A3.7 3.7 0 0118 12.683V12a2 2 0 00-2-2V9a2 2 0 00-2-2V6a1 1 0 10-2 0v1h-1V6a1 1 0 10-2 0v1H8V6zm10 8.868a3.704 3.704 0 01-4.055-.036 1.704 1.704 0 00-1.89 0 3.704 3.704 0 01-4.11 0 1.704 1.704 0 00-1.89 0A3.704 3.704 0 012 14.868V17a1 1 0 001 1h14a1 1 0 001-1v-2.132zM9 3a1 1 0 011-1h.01a1 1 0 110 2H10a1 1 0 01-1-1zm3 0a1 1 0 011-1h.01a1 1 0 110 2H13a1 1 0 01-1-1z"
      fill-rule="evenodd"
    />
  </svg>
</button>
`;

exports[`Button component should render a md button with an icon and no text 1`] = `
<button
  class="Button__StyledButton-sc-1lc4zd6-0 yDOGG"
  data-testid="madie-button"
  type="button"
>
  <svg
    aria-hidden="true"
    class="ButtonIcon__Icon5x5-sc-1x8zj24-1 byjtpt"
    fill="currentColor"
    viewBox="0 0 20 20"
    xmlns="http://www.w3.org/2000/svg"
  >
    <path
      clip-rule="evenodd"
      d="M6 3a1 1 0 011-1h.01a1 1 0 010 2H7a1 1 0 01-1-1zm2 3a1 1 0 00-2 0v1a2 2 0 00-2 2v1a2 2 0 00-2 2v.683a3.7 3.7 0 011.055.485 1.704 1.704 0 001.89 0 3.704 3.704 0 014.11 0 1.704 1.704 0 001.89 0 3.704 3.704 0 014.11 0 1.704 1.704 0 001.89 0A3.7 3.7 0 0118 12.683V12a2 2 0 00-2-2V9a2 2 0 00-2-2V6a1 1 0 10-2 0v1h-1V6a1 1 0 10-2 0v1H8V6zm10 8.868a3.704 3.704 0 01-4.055-.036 1.704 1.704 0 00-1.89 0 3.704 3.704 0 01-4.11 0 1.704 1.704 0 00-1.89 0A3.704 3.704 0 012 14.868V17a1 1 0 001 1h14a1 1 0 001-1v-2.132zM9 3a1 1 0 011-1h.01a1 1 0 110 2H10a1 1 0 01-1-1zm3 0a1 1 0 011-1h.01a1 1 0 110 2H13a1 1 0 01-1-1z"
      fill-rule="evenodd"
    />
  </svg>
</button>
`;

exports[`Button component should render a sm button with an icon and no text 1`] = `
<button
  class="Button__StyledButton-sc-1lc4zd6-0 hQlzfv"
  data-testid="madie-button"
  type="button"
>
  <svg
    aria-hidden="true"
    class="ButtonIcon__Icon4x4-sc-1x8zj24-0 kuARTA"
    fill="currentColor"
    viewBox="0 0 20 20"
    xmlns="http://www.w3.org/2000/svg"
  >
    <path
      clip-rule="evenodd"
      d="M6 3a1 1 0 011-1h.01a1 1 0 010 2H7a1 1 0 01-1-1zm2 3a1 1 0 00-2 0v1a2 2 0 00-2 2v1a2 2 0 00-2 2v.683a3.7 3.7 0 011.055.485 1.704 1.704 0 001.89 0 3.704 3.704 0 014.11 0 1.704 1.704 0 001.89 0 3.704 3.704 0 014.11 0 1.704 1.704 0 001.89 0A3.7 3.7 0 0118 12.683V12a2 2 0 00-2-2V9a2 2 0 00-2-2V6a1 1 0 10-2 0v1h-1V6a1 1 0 10-2 0v1H8V6zm10 8.868a3.704 3.704 0 01-4.055-.036 1.704 1.704 0 00-1.89 0 3.704 3.704 0 01-4.11 0 1.704 1.704 0 00-1.89 0A3.704 3.704 0 012 14.868V17a1 1 0 001 1h14a1 1 0 001-1v-2.132zM9 3a1 1 0 011-1h.01a1 1 0 110 2H10a1 1 0 01-1-1zm3 0a1 1 0 011-1h.01a1 1 0 110 2H13a1 1 0 01-1-1z"
      fill-rule="evenodd"
    />
  </svg>
</button>
`;

exports[`Button component should render a xl button with an icon and no text 1`] = `
<button
  class="Button__StyledButton-sc-1lc4zd6-0 bNOBWx"
  data-testid="madie-button"
  type="button"
>
  <svg
    aria-hidden="true"
    class="ButtonIcon__Icon5x5-sc-1x8zj24-1 byjtpt"
    fill="currentColor"
    viewBox="0 0 20 20"
    xmlns="http://www.w3.org/2000/svg"
  >
    <path
      clip-rule="evenodd"
      d="M6 3a1 1 0 011-1h.01a1 1 0 010 2H7a1 1 0 01-1-1zm2 3a1 1 0 00-2 0v1a2 2 0 00-2 2v1a2 2 0 00-2 2v.683a3.7 3.7 0 011.055.485 1.704 1.704 0 001.89 0 3.704 3.704 0 014.11 0 1.704 1.704 0 001.89 0 3.704 3.704 0 014.11 0 1.704 1.704 0 001.89 0A3.7 3.7 0 0118 12.683V12a2 2 0 00-2-2V9a2 2 0 00-2-2V6a1 1 0 10-2 0v1h-1V6a1 1 0 10-2 0v1H8V6zm10 8.868a3.704 3.704 0 01-4.055-.036 1.704 1.704 0 00-1.89 0 3.704 3.704 0 01-4.11 0 1.704 1.704 0 00-1.89 0A3.704 3.704 0 012 14.868V17a1 1 0 001 1h14a1 1 0 001-1v-2.132zM9 3a1 1 0 011-1h.01a1 1 0 110 2H10a1 1 0 01-1-1zm3 0a1 1 0 011-1h.01a1 1 0 110 2H13a1 1 0 01-1-1z"
      fill-rule="evenodd"
    />
  </svg>
</button>
`;

exports[`Button component should render a xs button with an icon and no text 1`] = `
<button
  class="Button__StyledButton-sc-1lc4zd6-0 bEefPd"
  data-testid="madie-button"
  type="button"
>
  <svg
    aria-hidden="true"
    class="ButtonIcon__Icon4x4-sc-1x8zj24-0 kuARTA"
    fill="currentColor"
    viewBox="0 0 20 20"
    xmlns="http://www.w3.org/2000/svg"
  >
    <path
      clip-rule="evenodd"
      d="M6 3a1 1 0 011-1h.01a1 1 0 010 2H7a1 1 0 01-1-1zm2 3a1 1 0 00-2 0v1a2 2 0 00-2 2v1a2 2 0 00-2 2v.683a3.7 3.7 0 011.055.485 1.704 1.704 0 001.89 0 3.704 3.704 0 014.11 0 1.704 1.704 0 001.89 0 3.704 3.704 0 014.11 0 1.704 1.704 0 001.89 0A3.7 3.7 0 0118 12.683V12a2 2 0 00-2-2V9a2 2 0 00-2-2V6a1 1 0 10-2 0v1h-1V6a1 1 0 10-2 0v1H8V6zm10 8.868a3.704 3.704 0 01-4.055-.036 1.704 1.704 0 00-1.89 0 3.704 3.704 0 01-4.11 0 1.704 1.704 0 00-1.89 0A3.704 3.704 0 012 14.868V17a1 1 0 001 1h14a1 1 0 001-1v-2.132zM9 3a1 1 0 011-1h.01a1 1 0 110 2H10a1 1 0 01-1-1zm3 0a1 1 0 011-1h.01a1 1 0 110 2H13a1 1 0 01-1-1z"
      fill-rule="evenodd"
    />
  </svg>
</button>
`;

exports[`Button component should render loading text and loading icon when loading 1`] = `
<button
  class="Button__StyledButton-sc-1lc4zd6-0 yDOGG"
  data-testid="madie-button"
  type="button"
>
  <svg
    aria-hidden="true"
    class="SpinnerIcon__SpinningCircle-sc-fsgpxi-0 eFDOFu ButtonIcon__Icon5x5-sc-1x8zj24-1 ButtonIcon__LeadingMedium-sc-1x8zj24-4 byjtpt jZrrzr"
    fill="none"
    stroke="currentColor"
    viewBox="0 0 24 24"
    xmlns="http://www.w3.org/2000/svg"
  >
    <circle
      class="SpinnerIcon__StyledCircle-sc-fsgpxi-1 gIjcyl"
      cx="12"
      cy="12"
      r="10"
      stroke="currentColor"
    />
    <path
      class="SpinnerIcon__StyledPath-sc-fsgpxi-2 kBwanU"
      d="M4 12a8 8 0 018-8V0C5.373 0 0 5.373 0 12h4zm2 5.291A7.962 7.962 0 014 12H0c0 3.042 1.135 5.824 3 7.938l3-2.647z"
      fill="currentColor"
    />
  </svg>
  Please be patient
</button>
`;
